// Jest Snapshot v1, https://goo.gl/fbAQLP

exports[`renders correctly 1`] = `
<RCTScrollView
  ItemSeparatorComponent={[Function]}
  contentContainerStyle={
    Object {
      "paddingHorizontal": 4,
      "paddingVertical": 16,
    }
  }
  data={
    Array [
      Object {
        "artist": "Pants Velour",
        "genre_id": 14,
        "id": 501437,
        "image_url": "https://raw.githubusercontent.com/XiteTV/frontend-coding-exercise/679a82b1e7110c16e14412f1debaa118c10078a9/images/501437/images/app/w522_h292.jpg",
        "release_year": 2014,
        "title": "All In",
      },
      Object {
        "artist": "El Koala",
        "genre_id": 8,
        "id": 501649,
        "image_url": "https://raw.githubusercontent.com/XiteTV/frontend-coding-exercise/679a82b1e7110c16e14412f1debaa118c10078a9/images/501649/images/app/w522_h292.jpg",
        "release_year": 2014,
        "title": "Veni paca to",
      },
      Object {
        "artist": "Tom Petty and the Heartbreakers",
        "genre_id": 8,
        "id": 501895,
        "image_url": "https://raw.githubusercontent.com/XiteTV/frontend-coding-exercise/679a82b1e7110c16e14412f1debaa118c10078a9/images/501895/images/app/w522_h292.jpg",
        "release_year": 2010,
        "title": "I Should Have Known It",
      },
    ]
  }
  getItem={[Function]}
  getItemCount={[Function]}
  keyExtractor={[Function]}
  onContentSizeChange={[Function]}
  onLayout={[Function]}
  onMomentumScrollBegin={[Function]}
  onMomentumScrollEnd={[Function]}
  onScroll={[Function]}
  onScrollBeginDrag={[Function]}
  onScrollEndDrag={[Function]}
  removeClippedSubviews={false}
  renderItem={[Function]}
  scrollEventThrottle={50}
  stickyHeaderIndices={Array []}
  viewabilityConfigCallbackPairs={Array []}
>
  <View>
    <View
      onLayout={[Function]}
      style={null}
    >
      <View
        style={
          Object {
            "flexDirection": "row",
          }
        }
      >
        <View
          accessible={true}
          collapsable={false}
          focusable={true}
          nativeID="animatedComponent"
          onClick={[Function]}
          onResponderGrant={[Function]}
          onResponderMove={[Function]}
          onResponderRelease={[Function]}
          onResponderTerminate={[Function]}
          onResponderTerminationRequest={[Function]}
          onStartShouldSetResponder={[Function]}
          style={
            Object {
              "marginEnd": 8,
              "opacity": 1,
              "width": 367,
            }
          }
        >
          <Image
            source={
              Object {
                "uri": "https://raw.githubusercontent.com/XiteTV/frontend-coding-exercise/679a82b1e7110c16e14412f1debaa118c10078a9/images/501437/images/app/w522_h292.jpg",
              }
            }
            style={
              Object {
                "height": 200,
              }
            }
          />
          <View
            style={
              Object {
                "height": 8,
                "width": 8,
              }
            }
          />
          <View
            style={
              Object {
                "paddingHorizontal": 8,
              }
            }
          >
            <Text
              adjustsFontSizeToFit={true}
              numberOfLines={1}
              style={
                Object {
                  "color": "#F1F2F4",
                  "fontFamily": "Montserrat",
                  "fontSize": 15,
                }
              }
            >
              All In
            </Text>
            <Text
              adjustsFontSizeToFit={true}
              numberOfLines={1}
              style={
                Object {
                  "color": "#797D95",
                  "fontFamily": "Montserrat",
                  "fontSize": 13,
                }
              }
            >
              Pants Velour
            </Text>
          </View>
        </View>
        <View
          accessible={true}
          collapsable={false}
          focusable={true}
          nativeID="animatedComponent"
          onClick={[Function]}
          onResponderGrant={[Function]}
          onResponderMove={[Function]}
          onResponderRelease={[Function]}
          onResponderTerminate={[Function]}
          onResponderTerminationRequest={[Function]}
          onStartShouldSetResponder={[Function]}
          style={
            Object {
              "marginEnd": 8,
              "opacity": 1,
              "width": 367,
            }
          }
        >
          <Image
            source={
              Object {
                "uri": "https://raw.githubusercontent.com/XiteTV/frontend-coding-exercise/679a82b1e7110c16e14412f1debaa118c10078a9/images/501649/images/app/w522_h292.jpg",
              }
            }
            style={
              Object {
                "height": 200,
              }
            }
          />
          <View
            style={
              Object {
                "height": 8,
                "width": 8,
              }
            }
          />
          <View
            style={
              Object {
                "paddingHorizontal": 8,
              }
            }
          >
            <Text
              adjustsFontSizeToFit={true}
              numberOfLines={1}
              style={
                Object {
                  "color": "#F1F2F4",
                  "fontFamily": "Montserrat",
                  "fontSize": 15,
                }
              }
            >
              Veni paca to
            </Text>
            <Text
              adjustsFontSizeToFit={true}
              numberOfLines={1}
              style={
                Object {
                  "color": "#797D95",
                  "fontFamily": "Montserrat",
                  "fontSize": 13,
                }
              }
            >
              El Koala
            </Text>
          </View>
        </View>
      </View>
      <View
        style={
          Object {
            "height": 30,
            "width": 30,
          }
        }
      />
    </View>
    <View
      onLayout={[Function]}
      style={null}
    >
      <View
        style={
          Object {
            "flexDirection": "row",
          }
        }
      >
        <View
          accessible={true}
          collapsable={false}
          focusable={true}
          nativeID="animatedComponent"
          onClick={[Function]}
          onResponderGrant={[Function]}
          onResponderMove={[Function]}
          onResponderRelease={[Function]}
          onResponderTerminate={[Function]}
          onResponderTerminationRequest={[Function]}
          onStartShouldSetResponder={[Function]}
          style={
            Object {
              "marginEnd": 8,
              "opacity": 1,
              "width": 367,
            }
          }
        >
          <Image
            source={
              Object {
                "uri": "https://raw.githubusercontent.com/XiteTV/frontend-coding-exercise/679a82b1e7110c16e14412f1debaa118c10078a9/images/501895/images/app/w522_h292.jpg",
              }
            }
            style={
              Object {
                "height": 200,
              }
            }
          />
          <View
            style={
              Object {
                "height": 8,
                "width": 8,
              }
            }
          />
          <View
            style={
              Object {
                "paddingHorizontal": 8,
              }
            }
          >
            <Text
              adjustsFontSizeToFit={true}
              numberOfLines={1}
              style={
                Object {
                  "color": "#F1F2F4",
                  "fontFamily": "Montserrat",
                  "fontSize": 15,
                }
              }
            >
              I Should Have Known It
            </Text>
            <Text
              adjustsFontSizeToFit={true}
              numberOfLines={1}
              style={
                Object {
                  "color": "#797D95",
                  "fontFamily": "Montserrat",
                  "fontSize": 13,
                }
              }
            >
              Tom Petty and the Heartbreakers
            </Text>
          </View>
        </View>
      </View>
    </View>
  </View>
</RCTScrollView>
`;
